1..35
ok 1 boot: firmware is 64-bit UEFI
not ok 2 boot: systemd-boot is installed on the ESP
# (in test file tests/acceptance/phase-01.bats, line 52)
#   `assert_success' failed
#
# -- command failed --
# status : 1
# output (2 lines):
#   Couldn't find EFI system partition. It is recommended to mount it to /boot/ or /efi/.
#   Alternatively, use --esp-path= to specify path to mount point.
# --
#
not ok 3 boot: unified kernel images exist for linux and linux-lts
# (in test file tests/acceptance/phase-01.bats, line 57)
#   `assert_success' failed
#
# -- command failed --
# status : 1
# output (2 lines):
#   Couldn't find EFI system partition. It is recommended to mount it to /boot/ or /efi/.
#   Alternatively, use --esp-path= to specify path to mount point.
# --
#
not ok 4 boot: the boot menu does not allow editing the kernel command line
# (in test file tests/acceptance/phase-01.bats, line 64)
#   `assert_success' failed
#
# -- command failed --
# status : 2
# output : grep: /efi/loader/loader.conf: No such file or directory
# --
#
not ok 5 boot: the kernel command line unlocks root through sd-encrypt
# (in test file tests/acceptance/phase-01.bats, line 69)
#   `assert_output --partial "rd.luks.name="' failed
#
# -- output does not contain substring --
# substring : rd.luks.name=
# output    : initrd=\arch\boot\x86_64\initramfs-linux.img archisobasedir=arch archisosearchuuid=2026-09-01-17-09-43-00
# --
#
not ok 6 storage: / is btrfs on the LUKS mapping
# (in test file tests/acceptance/phase-01.bats, line 77)
#   `assert_output "btrfs"' failed
#
# -- output differs --
# expected : btrfs
# actual   : overlay
# --
#
not ok 7 storage: the root mapping is LUKS2 with discards allowed
# (in test file tests/acceptance/phase-01.bats, line 84)
#   `assert_success' failed
#
# -- command failed --
# status : 4
# output : /dev/mapper/root is inactive.
# --
#
not ok 8 storage: every subvolume in the layout is mounted where declared
# (in test file tests/acceptance/phase-01.bats, line 94)
#   `assert_output --partial "[/$subvol]"' failed
#
# -- output does not contain substring --
# substring : [/@]
# output    : airootfs rw,relatime,lowerdir=/run/archiso/airootfs,upperdir=/run/archiso/cowspace/persistent_/x86_64/upperdir,workdir=/run/archiso/cowspace/persistent_/x86_64/workdir,uuid=on
# --
#
not ok 9 storage: the ESP is vfat at the ESP mountpoint and not world-readable
# (in test file tests/acceptance/phase-01.bats, line 102)
#   `assert_success' failed
#
# -- command failed --
# status : 1
# output :
# --
#
not ok 10 storage: periodic TRIM is enabled
# (in test file tests/acceptance/phase-01.bats, line 108)
#   `assert_output "enabled"' failed
#
# -- output differs --
# expected : enabled
# actual   : disabled
# --
#
not ok 11 swap: zram swap is active
# (in test file tests/acceptance/phase-01.bats, line 115)
#   `assert_output --partial "zram"' failed
#
# -- output does not contain substring --
# substring : zram
# output    :
# --
#
not ok 12 snapshots: snapper root config exists with timeline snapshots off
# (in test file tests/acceptance/phase-01.bats, line 120)
#   `assert_success' failed
#
# -- command failed --
# status : 127
# output : /root/symphony/tests/acceptance/phase-01.bats: line 19: snapper: command not found
# --
#
not ok 13 snapshots: old snapshots are cleaned up on a timer
# (in test file tests/acceptance/phase-01.bats, line 126)
#   `assert_output "enabled"' failed
#
# -- output differs --
# expected : enabled
# actual   : not-found
# --
#
not ok 14 snapshots: pacman transactions are snapshotted by snap-pac
# (in test file tests/acceptance/phase-01.bats, line 131)
#   `assert_success' failed
#
# -- command failed --
# status : 1
# output : error: package 'snap-pac' was not found
# --
#
not ok 15 identity: hostname is set and is not the installer's
# (in test file tests/acceptance/phase-01.bats, line 140)
#   `refute_output "archiso"' failed
#
# -- output equals, but it was expected to differ --
# output : archiso
# --
#
ok 16 identity: a UTF-8 locale is configured
not ok 17 identity: a console keymap is configured
# (in test file tests/acceptance/phase-01.bats, line 150)
#   `assert_output --regexp 'VC Keymap: [a-z]'' failed
#
# -- regular expression does not match output --
# regexp (1 lines):
#   VC Keymap: [a-z]
# output (3 lines):
#   System Locale: LANG=C.UTF-8
#       VC Keymap: (unset)
#      X11 Layout: (unset)
# --
#
ok 18 identity: timezone is set and the clock is NTP-synchronized
ok 19 network: NetworkManager and systemd-resolved are active
ok 20 network: resolv.conf points at the systemd-resolved stub
ok 21 network: public DNS names resolve
ok 22 network: HTTPS to archlinux.org works
ok 23 packages: the pacman database is consistent
ok 24 packages: no foreign (AUR or hand-built) packages are installed
not ok 25 packages: every explicitly installed package is declared in packages/
# (in test file tests/acceptance/phase-01.bats, line 202)
#   `assert_output ""' failed
#
# -- output differs --
# expected (0 lines):
#
# actual (118 lines):
#   alsa-utils
#   amd-ucode
#   arch-install-scripts
#   archinstall
#   b43-fwcutter
#   bcachefs-tools
#   bind
#   bolt
#   brltty
#   clonezilla
#   cloud-init
#   darkhttpd
#   ddrescue
#   dhcpcd
#   diffutils
#   dmidecode
#   dmraid
#   dnsmasq
#   e2fsprogs
#   edk2-shell
#   efibootmgr
#   espeakup
#   ethtool
#   exfatprogs
#   f2fs-tools
#   fatresize
#   foot-terminfo
#   fsarchiver
#   ghostty-terminfo
#   gpart
#   gpm
#   gptfdisk
#   grml-zsh-config
#   grub
#   hdparm
#   hyperv
#   intel-ucode
#   irssi
#   iw
#   iwd
#   jfsutils
#   kitty-terminfo
#   kmscon-terminfo
#   ldns
#   lftp
#   libfido2
#   libusb-compat
#   linux-atm
#   linux-firmware
#   linux-firmware-marvell
#   livecd-sounds
#   lsscsi
#   lvm2
#   lynx
#   mc
#   mdadm
#   memtest86+
#   memtest86+-efi
#   mkinitcpio-archiso
#   mkinitcpio-nfs-utils
#   mmc-utils
#   modemmanager
#   mtools
#   nano
#   nbd
#   ndisc6
#   nfs-utils
#   nilfs-utils
#   nmap
#   ntfsprogs
#   nvme-cli
#   open-iscsi
#   open-vm-tools
#   openconnect
#   openpgp-card-tools
#   openssh
#   openvpn
#   partclone
#   parted
#   partimage
#   pcsclite
#   ppp
#   pptpclient
#   pv
#   refind
#   reflector
#   rsync
#   rxvt-unicode-terminfo
#   screen
#   sdparm
#   sequoia-sq
#   sg3_utils
#   smartmontools
#   sof-firmware
#   squashfs-tools
#   syslinux
#   systemd-resolvconf
#   tcpdump
#   terminus-font
#   testdisk
#   tmux
#   tpm2-tools
#   tpm2-tss
#   udftools
#   usb_modeswitch
#   usbmuxd
#   usbutils
#   vim
#   virtualbox-guest-utils-nox
#   vpnc
#   wireless-regdb
#   wireless_tools
#   wpa_supplicant
#   wvdial
#   xdg-utils
#   xfsprogs
#   xl2tpd
#   zsh
# --
#
not ok 26 security: tests run as a non-root member of wheel
# (in test file tests/acceptance/phase-01.bats, line 208)
#   `assert [ "$(id -u)" -ne 0 ]' failed
#
# -- assertion failed --
# expression : [ 0 -ne 0 ]
# --
#
not ok 27 security: the root account is locked
# (in test file tests/acceptance/phase-01.bats, line 215)
#   `assert_output --regexp '^root L '' failed
#
# -- regular expression does not match output --
# regexp : ^root L
# output : root NP 2010-09-19 -1 -1 -1 -1
# --
#
not ok 28 security: sudo never skips the password
# (in test file tests/acceptance/phase-01.bats, line 220)
#   `assert_output ""' failed
#
# -- output differs --
# expected :
# actual   : /etc/sudoers:# %wheel ALL=(ALL:ALL) NOPASSWD: ALL
# --
#
ok 29 security: the sudoers configuration is valid
not ok 30 security: the firewall drops unsolicited inbound traffic
# (in test file tests/acceptance/phase-01.bats, line 230)
#   `assert_output "active"' failed
#
# -- output differs --
# expected : active
# actual   : inactive
# --
#
not ok 31 security: nothing listens beyond loopback except DHCP clients
# (in test file tests/acceptance/phase-01.bats, line 239)
#   `assert_output ""' failed
#
# -- output differs --
# expected (0 lines):
#
# actual (8 lines):
#   0.0.0.0:5353
#   0.0.0.0:5355
#   [::]:5353
#   [::]:5355
#   0.0.0.0:5355
#   0.0.0.0:22
#   [::]:5355
#   [::]:22
# --
#
not ok 32 security: no SSH server is installed
# (in test file tests/acceptance/phase-01.bats, line 244)
#   `assert_failure' failed
#
# -- command succeeded, but it was expected to fail --
# output : /usr/bin/sshd
# --
#
not ok 33 health: no systemd units have failed
# (in test file tests/acceptance/phase-01.bats, line 252)
#   `assert_output ""' failed
#
# -- output differs --
# expected :
# actual   : systemd-loop@sys-devices-pci0000:00-0000:00:1f.2-ata1-host0-target0:0:0-0:0:0:0-block-sr0.service loaded failed failed Attach File /sys/devices/pci0000:00/0000:00:1f.2/ata1/host0/target0:0:0/0:0:0:0/block/sr0 to Loopback Block Device
# --
#
not ok 34 health: the system reports itself fully running
# (in test file tests/acceptance/phase-01.bats, line 257)
#   `assert_output "running"' failed
#
# -- output differs --
# expected : running
# actual   : degraded
# --
#
ok 35 vm: the QEMU guest agent is active
