1..50
ok 1 boot: firmware is 64-bit UEFI
ok 2 boot: systemd-boot is installed on the ESP
ok 3 boot: unified kernel images exist for linux and linux-lts
ok 4 boot: the boot menu does not allow editing the kernel command line
ok 5 boot: the kernel command line unlocks root through sd-encrypt
ok 6 storage: / is btrfs on the LUKS mapping
ok 7 storage: the root mapping is LUKS2 with discards allowed
ok 8 storage: every subvolume in the layout is mounted where declared
ok 9 storage: fstab declares each mountpoint exactly once
ok 10 storage: the ESP is vfat at the ESP mountpoint and not world-readable
ok 11 storage: periodic TRIM is enabled
ok 12 swap: zram swap is active
ok 13 snapshots: snapper root config exists with timeline snapshots off
ok 14 snapshots: old snapshots are cleaned up on a timer
ok 15 snapshots: pacman transactions are snapshotted by snap-pac
ok 16 identity: hostname is set and is not the installer's
ok 17 identity: a UTF-8 locale is configured
ok 18 identity: a console keymap is configured
ok 19 identity: timezone is set and the clock is NTP-synchronized
ok 20 network: NetworkManager and systemd-resolved are active
ok 21 network: resolv.conf points at the systemd-resolved stub
ok 22 network: public DNS names resolve
ok 23 network: HTTPS to archlinux.org works
ok 24 packages: the pacman database is consistent
ok 25 packages: no foreign (AUR or hand-built) packages are installed
ok 26 packages: every explicitly installed package is declared in packages/
ok 27 security: tests run as a non-root member of wheel
ok 28 security: the root account is locked
ok 29 security: sudo never skips the password
ok 30 security: the sudoers configuration is valid
ok 31 security: the firewall drops unsolicited inbound traffic
ok 32 security: nothing listens beyond loopback except DHCP clients
ok 33 security: no SSH server is installed
ok 34 health: no systemd units have failed
ok 35 health: the system reports itself fully running
ok 36 vm: the QEMU guest agent is active
not ok 37 tooling: development tools are installed
# (in test file tests/acceptance/phase-02.bats, line 21)
#   `assert_success' failed
#
# -- command failed --
# status : 1
# output :
# --
#
not ok 38 tooling: static checks and unit tests pass on this machine
# (in test file tests/acceptance/phase-02.bats, line 27)
#   `assert_success' failed
#
# -- command failed --
# status : 127
# output (2 lines):
#   ==> shellcheck
#   /home/travis/Projects/autarchy/scripts/check: line 10: shellcheck: command not found
# --
#
not ok 39 system config: installed files match system/files.txt
# (in test file tests/acceptance/phase-02.bats, line 34)
#   `assert_success' failed
#
# -- command failed --
# status : 1
# output (2 lines):
#   mode: /efi/loader/loader.conf
#   drift: 1 of 8 files
# --
#
not ok 40 home config: every file under home/ is linked into the home directory
# (in test file tests/acceptance/phase-02.bats, line 39)
#   `assert_success' failed
#
# -- command failed --
# status : 1
# output (2 lines):
#   not linked: .claude/settings.json
#   not linked: .tmux.conf
# --
#
not ok 41 home config: ~/.claude is a real directory, so credentials never land in the repo
# (in test file tests/acceptance/phase-02.bats, line 43)
#   `assert [ -d "$HOME/.claude" ]' failed
#
# -- assertion failed --
# expression : [ -d /home/travis/.claude ]
# --
#
not ok 42 claude code: the claude command runs
# (in test file tests/acceptance/phase-02.bats, line 51)
#   `assert_success' failed
#
# -- command failed --
# status : 127
# output : /usr/lib/bats-core/test_functions.bash: line 158: claude: command not found
# --
#
not ok 43 claude code: the installed binary matches its GPG-signed release manifest
# (in test file tests/acceptance/phase-02.bats, line 57)
#   `assert_success' failed
#
# -- command failed --
# status : 1
# output : claude-code: jq is required (declared in packages/tooling.txt)
# --
#
not ok 44 claude code: diagnostics pass with auto-updates enabled
# (in test file tests/acceptance/phase-02.bats, line 62)
#   `assert_success' failed
#
# -- command failed --
# status : 127
# output : /usr/lib/bats-core/test_functions.bash: line 158: claude: command not found
# --
#
not ok 45 claude code: settings pin the stable channel and turn off telemetry
# (in test file tests/acceptance/phase-02.bats, line 68)
#   `assert_output "stable"' failed
#
# -- output differs --
# expected : stable
# actual   : /usr/lib/bats-core/test_functions.bash: line 158: jq: command not found
# --
#
not ok 46 claude code: settings deny sudo and reading credential files
# (in test file tests/acceptance/phase-02.bats, line 77)
#   `assert_success' failed
#
# -- command failed --
# status : 127
# output : /usr/lib/bats-core/test_functions.bash: line 158: jq: command not found
# --
#
not ok 47 claude code: logged in and able to answer
# (in test file tests/acceptance/phase-02.bats, line 83)
#   `assert_success' failed
#
# -- command failed --
# status : 127
# output : /usr/lib/bats-core/test_functions.bash: line 158: claude: command not found
# --
#
ok 48 github: gh is authenticated and the remote is reachable
ok 49 github: the latest CI run for this branch succeeded
ok 50 github: no login relay gists are left behind
